// Jest Snapshot v1, https://goo.gl/fbAQLP

exports[`Portfolio component matches snapshot DOM node structure 1`] = `
<DocumentFragment>
  <section
    class="container"
  >
    <div
      class="project"
    >
      <h2
        class="top-title"
      >
        Professional Portfolio
      </h2>
      <hr />
    </div>
    <div
      class="wrapper"
    >
      <div
        class="card mb-5"
      >
        <div
          class="description"
        >
          A marketplace for buying and selling items.
        </div>
        <figure
          class="img-container mb-0"
        >
          <a
            href="https://texas-hawker.herokuapp.com/"
          >
            <img
              alt="A marketplace for buying and selling items."
              class="project"
              src="http://nicnolen.github.io/react-portfolio/assets/images/projectImages/hawker-home.png"
            />
          </a>
        </figure>
        <div
          class="content d-flex justify-content-between align-items-center"
        >
          <span
            class="github-link"
          >
            <a
              href="https://github.com/nicnolen/Hawker"
              title="A marketplace for buying and selling items."
            >
              <img
                alt="GitHub Repo"
                src="http://nicnolen.github.io/react-portfolio/assets/images/icons/github.svg"
              />
              <h3
                class="card-title"
              >
                Hawker
              </h3>
            </a>
          </span>
          <h4
            class="project-skills fs-4 pb-1 px-1"
          >
            JavaScript/Node.js/Inquirer/OOP
          </h4>
        </div>
      </div>
      <div
        class="card mb-5"
      >
        <div
          class="description"
        >
          Professional portfolio to showcase skills to employers.
        </div>
        <figure
          class="img-container mb-0"
        >
          <a
            href="https://travel--lovers.herokuapp.com/"
          >
            <img
              alt="Professional portfolio to showcase skills to employers."
              class="project"
              src="http://nicnolen.github.io/react-portfolio/assets/images/projectImages/travel-lovers.png"
            />
          </a>
        </figure>
        <div
          class="content d-flex justify-content-between align-items-center"
        >
          <span
            class="github-link"
          >
            <a
              href="https://github.com/nicnolen/Travel-Lovers"
              title="Professional portfolio to showcase skills to employers."
            >
              <img
                alt="GitHub Repo"
                src="http://nicnolen.github.io/react-portfolio/assets/images/icons/github.svg"
              />
              <h3
                class="card-title"
              >
                Travel Lovers
              </h3>
            </a>
          </span>
          <h4
            class="project-skills fs-4 pb-1 px-1"
          >
            Handlebars.js, Sequelize, SASS, bcrypt
          </h4>
        </div>
      </div>
      <div
        class="card mb-5"
      >
        <div
          class="description"
        >
          A website that allows a user to easily search for a movie, TV show, or actor information through API requests.
        </div>
        <figure
          class="img-container mb-0"
        >
          <a
            href="https://nicnolen.github.io/watchopedia/"
          >
            <img
              alt="A website that allows a user to easily search for a movie, TV show, or actor information through API requests."
              class="project"
              src="http://nicnolen.github.io/react-portfolio/assets/images/projectImages/watchopedia-homepage.png"
            />
          </a>
        </figure>
        <div
          class="content d-flex justify-content-between align-items-center"
        >
          <span
            class="github-link"
          >
            <a
              href="https://github.com/nicnolen/watchopedia"
              title="A website that allows a user to easily search for a movie, TV show, or actor information through API requests."
            >
              <img
                alt="GitHub Repo"
                src="http://nicnolen.github.io/react-portfolio/assets/images/icons/github.svg"
              />
              <h3
                class="card-title"
              >
                Watchopedia
              </h3>
            </a>
          </span>
          <h4
            class="project-skills fs-4 pb-1 px-1"
          >
            HTML/CSS/Bulma/JavaScript
          </h4>
        </div>
      </div>
      <div
        class="card mb-5"
      >
        <div
          class="description"
        >
          E-commerce application that sells some of the finest items available on the internet.
        </div>
        <figure
          class="img-container mb-0"
        >
          <a
            href="https://dry-shelf-71701.herokuapp.com/"
          >
            <img
              alt="E-commerce application that sells some of the finest items available on the internet."
              class="project"
              src="http://nicnolen.github.io/react-portfolio/assets/images/projectImages/shop-shop.png"
            />
          </a>
        </figure>
        <div
          class="content d-flex justify-content-between align-items-center"
        >
          <span
            class="github-link"
          >
            <a
              href="https://github.com/nicnolen/shop-shop"
              title="E-commerce application that sells some of the finest items available on the internet."
            >
              <img
                alt="GitHub Repo"
                src="http://nicnolen.github.io/react-portfolio/assets/images/icons/github.svg"
              />
              <h3
                class="card-title"
              >
                Shop Shop
              </h3>
            </a>
          </span>
          <h4
            class="project-skills fs-4 pb-1 px-1"
          >
            MongoDB, Express.js, React.js, Node.js, TDD
          </h4>
        </div>
      </div>
      <div
        class="card mb-5"
      >
        <div
          class="description"
        >
          This app allows a user to post an article from another source and other users can vote or comment on the post.
        </div>
        <figure
          class="img-container mb-0"
        >
          <a
            href="https://just--tech--news.herokuapp.com/"
          >
            <img
              alt="This app allows a user to post an article from another source and other users can vote or comment on the post."
              class="project"
              src="http://nicnolen.github.io/react-portfolio/assets/images/projectImages/just-tech-news-dashboard.png"
            />
          </a>
        </figure>
        <div
          class="content d-flex justify-content-between align-items-center"
        >
          <span
            class="github-link"
          >
            <a
              href="https://github.com/nicnolen/just-tech-news"
              title="This app allows a user to post an article from another source and other users can vote or comment on the post."
            >
              <img
                alt="GitHub Repo"
                src="http://nicnolen.github.io/react-portfolio/assets/images/icons/github.svg"
              />
              <h3
                class="card-title"
              >
                Just Tech News
              </h3>
            </a>
          </span>
          <h4
            class="project-skills fs-4 pb-1 px-1"
          >
            MySQL/Handlebars.js/ORM/Express.js
          </h4>
        </div>
      </div>
      <div
        class="card mb-5"
      >
        <div
          class="description"
        >
          A weather dashboard that dynamically displays the current weather and five day forecast for searched cities.
        </div>
        <figure
          class="img-container mb-0"
        >
          <a
            href="https://nicnolen.github.io/weather-dashboard/"
          >
            <img
              alt="A weather dashboard that dynamically displays the current weather and five day forecast for searched cities."
              class="project"
              src="http://nicnolen.github.io/react-portfolio/assets/images/projectImages/weather-homepage.png"
            />
          </a>
        </figure>
        <div
          class="content d-flex justify-content-between align-items-center"
        >
          <span
            class="github-link"
          >
            <a
              href="https://github.com/nicnolen/weather-dashboard"
              title="A weather dashboard that dynamically displays the current weather and five day forecast for searched cities."
            >
              <img
                alt="GitHub Repo"
                src="http://nicnolen.github.io/react-portfolio/assets/images/icons/github.svg"
              />
              <h3
                class="card-title"
              >
                Weather Dashboard
              </h3>
            </a>
          </span>
          <h4
            class="project-skills fs-4 pb-1 px-1"
          >
            HTML/CSS/Bootstrap/JavaScript/moments.js
          </h4>
        </div>
      </div>
    </div>
  </section>
</DocumentFragment>
`;
